1
1
1
1
3
3
3
4
5
5
4
4
4
3
20
20
20
30
30
40
40
40
40
30
0
0
0
20
20
20
20
50
50
70
70
70
70
30
0
1
0
7
3
4
3
3
4
70
30
40
30
30
40
10
10
70
