Error 3: 543 29.02.2013 15.00
Error 4: 545 28.02.2013 15.0
4
1
5
0
5
0
